                                      1 ;--------------------------------------------------------
                                      2 ; File Created by SDCC : free open source ISO C Compiler 
                                      3 ; Version 4.3.0 #14184 (MINGW64)
                                      4 ;--------------------------------------------------------
                                      5 	.module io
                                      6 	.optsdcc -mz80
                                      7 	
                                      8 ;--------------------------------------------------------
                                      9 ; Public variables in this module
                                     10 ;--------------------------------------------------------
                                     11 	.globl _inb
                                     12 	.globl _outb
                                     13 ;--------------------------------------------------------
                                     14 ; special function registers
                                     15 ;--------------------------------------------------------
                                     16 ;--------------------------------------------------------
                                     17 ; ram data
                                     18 ;--------------------------------------------------------
                                     19 	.area _DATA
                                     20 ;--------------------------------------------------------
                                     21 ; ram data
                                     22 ;--------------------------------------------------------
                                     23 	.area _INITIALIZED
                                     24 ;--------------------------------------------------------
                                     25 ; absolute external ram data
                                     26 ;--------------------------------------------------------
                                     27 	.area _DABS (ABS)
                                     28 ;--------------------------------------------------------
                                     29 ; global & static initialisations
                                     30 ;--------------------------------------------------------
                                     31 	.area _HOME
                                     32 	.area _GSINIT
                                     33 	.area _GSFINAL
                                     34 	.area _GSINIT
                                     35 ;--------------------------------------------------------
                                     36 ; Home
                                     37 ;--------------------------------------------------------
                                     38 	.area _HOME
                                     39 	.area _HOME
                                     40 ;--------------------------------------------------------
                                     41 ; code
                                     42 ;--------------------------------------------------------
                                     43 	.area _CODE
                                     44 ;io.c:27: uint8_t inb(uint8_t port) __naked {
                                     45 ;	---------------------------------
                                     46 ; Function inb
                                     47 ; ---------------------------------
      000000                         48 _inb::
                                     49 ;io.c:33: __endasm;
      000000 4F               [ 4]   50 	ld	c,a
      000001 ED 78            [12]   51 	in	a,(c)
      000003 C9               [10]   52 	ret
                                     53 ;io.c:34: }
                                     54 ;io.c:49: void outb(uint8_t port, uint8_t val) __naked {
                                     55 ;	---------------------------------
                                     56 ; Function outb
                                     57 ; ---------------------------------
      000004                         58 _outb::
                                     59 ;io.c:56: __endasm;
      000004 4F               [ 4]   60 	ld	c,a
      000005 7D               [ 4]   61 	ld	a,l
      000006 ED 79            [12]   62 	out	(c),a
      000008 C9               [10]   63 	ret
                                     64 ;io.c:57: }
                                     65 	.area _CODE
                                     66 	.area _INITIALIZER
                                     67 	.area _CABS (ABS)
