ASxxxx Linker V03.00/V05.40 + sdld,  page 1.
Hexadecimal  [32-Bits]

Area                                    Addr        Size        Decimal Bytes (Attributes)
--------------------------------        ----        ----        ------- ----- ------------
.  .ABS.                            00000000    00000000 =           0. bytes (ABS,CON)

      Value  Global                              Global Defined In Module
      -----  --------------------------------   ------------------------
     00000000  .__.ABS.                           
     00000000  l__BSS                          
     00000000  l__CABS                         
     00000000  l__DABS                         
     00000000  l__GSINIT                       
     00000000  l__HEADER                       
     00000000  l__HEAP                         
     00000000  l__HOME                         
     00000000  l__STUB                         
     00000000  s__CABS                         
     00000000  s__DABS                         
     00000000  s__HEADER                       
     00000000  s__HEADER0                      
     00000000  s__HEADER1                      
     00000000  s__HEADER2                      
     00000000  s__HEADER3                      
     00000000  s__HEADER4                      
     00000000  s__STUB                         
     00000000  s__STUB0                        
     00000001  l__GSFINAL                      
     00000003  l__HEADER1                      
     00000003  l__HEADER2                      
     00000003  l__HEADER3                      
     00000003  l__HEADER4                      
     00000003  l__INITIALIZED                  
     00000003  l__INITIALIZER                  
     00000004  l__HEADER0                      
     00000028  l__STUB0                        
     00000049  l__DATA                         
     00000200  s__CODE                         
     00000379  l__CSTUB                        
     00000B79  l__CODE                         
     00000D79  s__GSFINAL                      
     00000D79  s__GSINIT                       
     00000D79  s__HOME                         
     00001900  s__CSTUB                        
     00002000  s__DATA                         
     00002049  s__BSS                          
     00002049  s__HEAP                         
     00002049  s__INITIALIZED                  
     0000204C  s__INITIALIZER                  

ASxxxx Linker V03.00/V05.40 + sdld,  page 2.
Hexadecimal  [32-Bits]

Area                                    Addr        Size        Decimal Bytes (Attributes)
--------------------------------        ----        ----        ------- ----- ------------
_CODE                               00000200    00000B79 =        2937. bytes (REL,CON)

      Value  Global                              Global Defined In Module
      -----  --------------------------------   ------------------------
     0000021B  __clock                            crt0
     0000021D  _exit                              crt0
     0000021F  _inb                               io
     00000223  _outb                              io
     00000228  _serial_init                       serial
     0000022F  _serial_isr                        serial
     0000027F  _serial_char_available             serial
     00000283  _serial_getc                       serial
     000002BC  _serial_putc                       serial
     00000C15  _monitor                           monitor
     00000CD8  _main                              main
     00000CE1  ___sdcc_call_hl                    
     00000CE2  _toupper                           toupper
     00000CF3  ___sdcc_enter_ix                   
     00000CFD  __modschar                         
     00000D05  __modsint                          
     00000D0B  __divschar                         
     00000D0D  __div8                             
     00000D11  __div_signexte                     
     00000D15  __div16                            
     00000D15  __divsint                          
     00000D3B  __get_remainder                    
     00000D45  __divuchar                         
     00000D47  __divu8                            
     00000D4A  __divu16                           
     00000D4A  __divuint                          

ASxxxx Linker V03.00/V05.40 + sdld,  page 3.
Hexadecimal  [32-Bits]

Area                                    Addr        Size        Decimal Bytes (Attributes)
--------------------------------        ----        ----        ------- ----- ------------
_HEADER0                            00000000    00000004 =           4. bytes (ABS,CON)

      Value  Global                              Global Defined In Module
      -----  --------------------------------   ------------------------
ASxxxx Linker V03.00/V05.40 + sdld,  page 4.
Hexadecimal  [32-Bits]

Area                                    Addr        Size        Decimal Bytes (Attributes)
--------------------------------        ----        ----        ------- ----- ------------
_HEADER1                            00000000    00000003 =           3. bytes (ABS,CON)

      Value  Global                              Global Defined In Module
      -----  --------------------------------   ------------------------
ASxxxx Linker V03.00/V05.40 + sdld,  page 5.
Hexadecimal  [32-Bits]

Area                                    Addr        Size        Decimal Bytes (Attributes)
--------------------------------        ----        ----        ------- ----- ------------
_HEADER2                            00000000    00000003 =           3. bytes (ABS,CON)

      Value  Global                              Global Defined In Module
      -----  --------------------------------   ------------------------
ASxxxx Linker V03.00/V05.40 + sdld,  page 6.
Hexadecimal  [32-Bits]

Area                                    Addr        Size        Decimal Bytes (Attributes)
--------------------------------        ----        ----        ------- ----- ------------
_HEADER3                            00000000    00000003 =           3. bytes (ABS,CON)

      Value  Global                              Global Defined In Module
      -----  --------------------------------   ------------------------
ASxxxx Linker V03.00/V05.40 + sdld,  page 7.
Hexadecimal  [32-Bits]

Area                                    Addr        Size        Decimal Bytes (Attributes)
--------------------------------        ----        ----        ------- ----- ------------
_HEADER4                            00000000    00000003 =           3. bytes (ABS,CON)

      Value  Global                              Global Defined In Module
      -----  --------------------------------   ------------------------
ASxxxx Linker V03.00/V05.40 + sdld,  page 8.
Hexadecimal  [32-Bits]

Area                                    Addr        Size        Decimal Bytes (Attributes)
--------------------------------        ----        ----        ------- ----- ------------
_GSINIT                             00000D79    00000000 =           0. bytes (REL,CON)

      Value  Global                              Global Defined In Module
      -----  --------------------------------   ------------------------
     00000D79  gsinit                             crt0

ASxxxx Linker V03.00/V05.40 + sdld,  page 9.
Hexadecimal  [32-Bits]

Area                                    Addr        Size        Decimal Bytes (Attributes)
--------------------------------        ----        ----        ------- ----- ------------
_GSFINAL                            00000D79    00000001 =           1. bytes (REL,CON)

      Value  Global                              Global Defined In Module
      -----  --------------------------------   ------------------------
ASxxxx Linker V03.00/V05.40 + sdld,  page 10.
Hexadecimal  [32-Bits]

Area                                    Addr        Size        Decimal Bytes (Attributes)
--------------------------------        ----        ----        ------- ----- ------------
_DATA                               00002000    00000049 =          73. bytes (REL,CON)

      Value  Global                              Global Defined In Module
      -----  --------------------------------   ------------------------
ASxxxx Linker V03.00/V05.40 + sdld,  page 11.
Hexadecimal  [32-Bits]

Area                                    Addr        Size        Decimal Bytes (Attributes)
--------------------------------        ----        ----        ------- ----- ------------
_INITIALIZED                        00002049    00000003 =           3. bytes (REL,CON)

      Value  Global                              Global Defined In Module
      -----  --------------------------------   ------------------------
ASxxxx Linker V03.00/V05.40 + sdld,  page 12.
Hexadecimal  [32-Bits]

Area                                    Addr        Size        Decimal Bytes (Attributes)
--------------------------------        ----        ----        ------- ----- ------------
_INITIALIZER                        0000204C    00000003 =           3. bytes (REL,CON)

      Value  Global                              Global Defined In Module
      -----  --------------------------------   ------------------------
ASxxxx Linker V03.00/V05.40 + sdld,  page 13.
Hexadecimal  [32-Bits]

Area                                    Addr        Size        Decimal Bytes (Attributes)
--------------------------------        ----        ----        ------- ----- ------------
_STUB0                              00000000    00000028 =          40. bytes (ABS,CON)

      Value  Global                              Global Defined In Module
      -----  --------------------------------   ------------------------
ASxxxx Linker V03.00/V05.40 + sdld,  page 14.
Hexadecimal  [32-Bits]

Area                                    Addr        Size        Decimal Bytes (Attributes)
--------------------------------        ----        ----        ------- ----- ------------
_CSTUB                              00001900    00000379 =         889. bytes (REL,CON)

      Value  Global                              Global Defined In Module
      -----  --------------------------------   ------------------------
     00001900  _start                             c_test
     00001BED  _tris                              c_test

ASxxxx Linker V03.00/V05.40 + sdld,  page 15.

Files Linked                              [ module(s) ]

../build/crt0.rel                         [ crt0 ]
../build/io.rel                           [ io ]
../build/serial.rel                       [ serial ]
../build/monitor.rel                      [ monitor ]
../build/main.rel                         [ main ]
../build/asm_test.rel                     [ asm_test ]
../build/c_test.rel                       [ c_test ]


Libraries Linked                          [ object file ]

D:\SDCC\bin\..\lib\z80/z80.lib            [ __sdcc_call_hl.rel ]
D:\SDCC\bin\..\lib\z80/z80.lib            [ toupper.rel ]
D:\SDCC\bin\..\lib\z80/z80.lib            [ crtenter.rel ]
D:\SDCC\bin\..\lib\z80/z80.lib            [ modsigned.rel ]
D:\SDCC\bin\..\lib\z80/z80.lib            [ divsigned.rel ]
D:\SDCC\bin\..\lib\z80/z80.lib            [ divunsigned.rel ]

ASxxxx Linker V03.00/V05.40 + sdld,  page 16.

User Base Address Definitions

_CODE = 0x0200
_DATA = 0x2000
_CSTUB=0x1900

